############################################################
#D.***.~.......*..*.....*..*..........*......*...~.~*......#
#....*....*........*.$.*......*........*....*............*.#
#.*..*..*.......~....**.~.........~~.*..**....*..~.........#
#*..........*.....*..*....*...*..~*..~.........~..*~......*#
#*****.*****....*............**...*~..*...*.......****....~#
#....*..................................................**.#
#..*.*.*****...*...~...~...~..~*....*.~*~.........***......#
#......*..~..........*~.......*...*.......*......*..*......#
#.*..*~...~~.*.....*..........~....*.~....~.*.~..~....*.**.#
#......*.........***.....~*~......~.*.......~.*..*..*.*....#
#..................*........~...~*......~.~...~.~.*.......*#
#.***..*.*.......*~*.*.....**..~.~...W*..~...*~..~.~..***..#
#.*....*......*..**...*~............*.....~~~..*.~.....**..#
#*~.*..*..*......*...*.~....*.*..~...*..~*..~..~....*...*.*#
#.***...*.....*~.*~*.**~.***.~....~~*.~...~~.~..~.........~#
#........*..F*....*.....*....~.....*...*.....~....*.....~.*#
#....~.~*....*...*.~.*~....~*....*~.*..*...~.....*~...*...*#
#*....~~........~..~.*~**.*~..*.......*..~.......*..~.~..~.#
#...*....***.~*~.~~..*.......~*......~...~................~#
#.*....~*...***......*.....*~*......*.~*...~..~*.......~...#
#.***.~.~***~~*.....*.***.........~..........~.~...*..*....#
#.......~~....*~..*~.*.*.......**...*.....W...*...*~......*#
#.....~~.~........*..*....*....*~.*.*.**.*..~..*.~..*......#
#*..*.~....~*........****~~....*~.*.......*.*..~~*.*~...~..#
#.*....~~.~.~..*.........~...~~~..*.........*...~.*...*....#
#.**...*..*.*~*..~~~~~~.~...**.~..~...~~*.....**....*~.~...#
#..~......*..*..~..........~*...*~.....~*..................#
#......~.~.~*.*.............*.....*.**......~**.....~.....*#
#~.*...*..~~~.*.......~...*~....~..$..*....~...*...*.~...**#
#.........~.*.*....*.*..*.*...........~*...*.~......*..~.*.#
#..........**.*...~.*...~....*..~...~..~...*...~..*.~~*~...#
#..~.*..*...**~...*.~~~**~.*.*.....~~*.*.....~~.....~.~....#
#......~.....*.~...*..*..~..~................~...~....~...*#
#..*........~**.*~............*...*..*....~....~.***.......#
#..*...~....~~...~..*..~.....*..*...*...~..~.~...~....~*...#
#........*.~.~...~.~.......~.~*.....~*.~..~.....*~.*...~...#
#...*....*..~.......~.*F.....*..~...~.**....~~~*..*........#
#*........*...........*...~~*..*..**.~..~...............~~.#
#.~.....~*....~.*~.~~....*........*.***~...................#
#....~..*.*....*.~...~....~..~.*...*.......~...~..~........#
#..*.*..~..*.~*..~..~~~.~.*...~*~..*.....#.###.###$###.###.#
#~...*.......*..~.~.*~.~.~...*~*~.~~~...~........$.W.......#
#.......~.~.*.~...~.~.*.~~..~.~...$.....~#W.......W.......W#
#..*..~.....~.~....~..~*..**........~..*.#...#...$#....#W..#
#.....~.~..*...**.......*................#.B$.H.......$...W#
#**.~*.......*...*..~..~*~~~.~...~*..***........$..........#
#.........~..~..*....~...~**...~......*.*#.#..$#....#....#.#
#*.~~...*..**....~...*.~........*........#$$...............#
#..*.*.*~...*~*..~.*.~..~~..*.*.~......*~#W...............$#
#*...........~........$.*~.*.*.~**..........#...#$B#.$..#..#
#*...*..*~.~~........*.*.~.*.............#.$.....B......$.H#
#....*.***.*..***..~~*.~......~*...~**..*#.......H.........#
#...**.............~.......~...........~~#.....#...#...#...#
#.*...****...~.~.....~.~~...~.*..~*.~.......*.H............#
#.~.......~.*..~*.........*....*.....~..~#...H......*.$..$.#
#.*.......*....~...~.......*.~..*........#.....$...........#
#*..*...............*......*.............#...#..$.#.H..#...#
#.....*..*.......~~...~..........~*..........H.........H...#
############################################################
