############################################################
#D.***.~.......*..*.....*..*..........*....$.*...~.~*......#
#....*....*........*...*......*........*....*............*B#
#.*..*..*.......~....**.~.......F.~~.*..**$...*..~.........#
#*..........*.....*..*....*...*..~*..~.........~..*~......*#
#*****.*****....*...........~**...*~..*...*.......****....~#
#....*................B.................................**.#
#..*.*.*****...*...~...~...~..~*..$.*.~*~...B.....***......#
#......*..~..........*~.......*.$.*.......*......*..*......#
#.*..*~...~~.*.....*..........~....*.~....~.*.~..~....*.**.#
#......*.........***.....~*~......~.*.....F.~.*..*..*.*....#
#..................*........~...~*......~.~...~.~.*.....B.*#
#.***..*.*.......*~*.*.....**..~.~....*..~...*~..~.~..***..#
#.*....*......*..**...*~............*...F.~~~..*.~.....**..#
#*~.*..*..*......*...*.~....*.*..~...*..~*..~..~....*.~.*.*#
#.***...*.....*~.*~*.**~.***.~....~~*.~$..~~.~..~..$......~#
#........*...*....*.....*....~.....*...*.....~....*.....~.*#
#....~.~*....*...*.~.*~....~*....*~.*..*...~.....*~...*...*#
#*....~~........~..~.*~**.*~..*.$.....*..~.......*..~.~..~.#
#...*....***.~*~.~~..*.......~*......~...~................~#
#.*...B~*...***......*.....*~*...B..*.~*...~..~*.......~...#
#.***.~.~***~~*.....*.***.........~..........~.~...*..*....#
#.......~~....*~..*~.*.*.......**...*.........*...*~......*#
#.....~~.~........*..*....*....*~.*.*.**.*..~..*.~..*......#
#*..*.~....~*........****~~....*~.*.......*.*..~~*.*~...~..#
#.*....~~.~.~..*.........~...~~~..*.........*...~.*...*....#
#.**...*..*.*~*..~~~~~~.~...**.~..~...~~*...B.**....*~.~...#
#..~.....$*..*..~..........~*...*~.....~*H.................#
#......~.~.~*.*.............*.....*.**......~**.....~.....*#
#~.*......~~~.*.......~...*~....~.....*..H.~...*...*$~...**#
#.W.......~.*.*....*.*..*.*......$....~*...*.~......*..~B*.#
#..........**.*...~.*...~....*..~...~..~...*...~..*.~~*~...#
#..~.*..*.F.**~...*.~~~**~.*.*.....~~*.*.....~~.....~.~....#
#......~.....*.~..F*..*..~..~................~...~....~...*#
#..*........~**.*~....~.......*..H*..*....~....~.***.....H.#
#..*...~....~~...~.~*..~.....*..*...*.~.~..~.~...~....~*...#
#........*.~.~...~.~.......~.~*.....~*.~..~.....*~.*...~.$.#
#...*....*..~.......~.*......*..~...~.**....~~~*..*...H....#
#*..~.....*.......~...*$..~~*..*..**.~..~...............~~.#
#.~.....~*....~.*~.~~....*........*.***~...................#
#B...~..*.*....*.~...~....~..~.*...*.......~...~..~........#
#..*.*..~..*.~*..~..~~~.~.*...~*~..*.....#.###.###$###.###.#
#~...*.......*..~.~.*~.~.~...*~*~.~~~...~........$.W....B..#
#.......~.~.*.~...~.~.*.~~..~.~...$.....~#........W.......W#
#..*..~.....~.~....~..~*..**........~..*.#...#...$#....#W..#
#.....~.~..*H..**.......*$...............#.B$.H.......$...W#
#**.~*.......*...*..~..~*~~~.~F.~~*..***........$........H.#
#.........~..~..*....~...~**...~......*.*#.#..$#....#....#.#
#*.~~...*..**....~...*.~........*........#W$...............#
#..*$*.*~...*~*B.~.*.~..~~..*.*.~.....$*~#.......$.........#
#*...H.......~..........*~.*.*.~**..........#...#$B#.$..#..#
#*..H*..*~.~~.....H..*.*.~.*.............#.$.$...B.........#
#.W..*.***.*..***..~~*.~......~*$..~**..*#.......H.........#
#...**....$........~.......~...........~~#.....#...#...#..B#
#.*...****...~.~.....~.~~...~.*..~*.~.......*.H............#
#.~.......~.*..~*.........*....*.....~..~#...H....$.*$.....#
#.*.......*....~...~.......*.~..*........#.....$...........#
#*..*...............*......*.....$.......#...#..$.#....#...#
#.....*..*.......~~...~..........~*..........H.............#
############################################################
